\BOOKMARK [1][-]{section.1}{\376\377\000P\000u\000r\000p\000o\000s\000e}{}% 1
\BOOKMARK [1][-]{section.2}{\376\377\000R\000e\000p\000o\000s\000i\000t\000o\000r\000y\000\040\000S\000t\000r\000u\000c\000t\000u\000r\000e}{}% 2
\BOOKMARK [1][-]{section.3}{\376\377\000F\000r\000o\000n\000t\000e\000n\000d\000\040\000S\000t\000r\000u\000c\000t\000u\000r\000e}{}% 3
\BOOKMARK [1][-]{section.4}{\376\377\000B\000a\000c\000k\000e\000n\000d\000\040\000S\000t\000r\000u\000c\000t\000u\000r\000e}{}% 4
\BOOKMARK [1][-]{section.5}{\376\377\000M\000L\000\040\000S\000t\000r\000u\000c\000t\000u\000r\000e}{}% 5
\BOOKMARK [1][-]{section.6}{\376\377\000D\000a\000t\000a\000\040\000P\000i\000p\000e\000l\000i\000n\000e\000\040\000S\000t\000r\000u\000c\000t\000u\000r\000e}{}% 6
\BOOKMARK [1][-]{section.7}{\376\377\000C\000o\000d\000i\000n\000g\000\040\000S\000t\000a\000n\000d\000a\000r\000d\000s}{}% 7
\BOOKMARK [2][-]{subsection.7.1}{\376\377\000P\000y\000t\000h\000o\000n}{section.7}% 8
\BOOKMARK [1][-]{section.8}{\376\377\000F\000r\000o\000n\000t\000e\000n\000d\000\040\000S\000t\000a\000n\000d\000a\000r\000d\000s}{}% 9
\BOOKMARK [1][-]{section.9}{\376\377\000R\000e\000g\000i\000o\000n\000\040\000G\000e\000n\000e\000r\000a\000t\000i\000o\000n\000\040\000A\000l\000g\000o\000r\000i\000t\000h\000m}{}% 10
\BOOKMARK [2][-]{subsection.9.1}{\376\377\000O\000b\000j\000e\000c\000t\000i\000v\000e}{section.9}% 11
\BOOKMARK [2][-]{subsection.9.2}{\376\377\000I\000n\000p\000u\000t}{section.9}% 12
\BOOKMARK [2][-]{subsection.9.3}{\376\377\000O\000u\000t\000p\000u\000t}{section.9}% 13
\BOOKMARK [2][-]{subsection.9.4}{\376\377\000A\000l\000g\000o\000r\000i\000t\000h\000m}{section.9}% 14
\BOOKMARK [1][-]{section.10}{\376\377\000E\000a\000r\000t\000h\000\040\000E\000n\000g\000i\000n\000e\000\040\000P\000i\000p\000e\000l\000i\000n\000e}{}% 15
\BOOKMARK [2][-]{subsection.10.1}{\376\377\000D\000a\000t\000a\000s\000e\000t\000s}{section.10}% 16
\BOOKMARK [2][-]{subsection.10.2}{\376\377\000C\000l\000o\000u\000d\000\040\000M\000a\000s\000k\000i\000n\000g}{section.10}% 17
\BOOKMARK [2][-]{subsection.10.3}{\376\377\000C\000o\000m\000p\000o\000s\000i\000t\000e\000\040\000G\000e\000n\000e\000r\000a\000t\000i\000o\000n}{section.10}% 18
\BOOKMARK [1][-]{section.11}{\376\377\000F\000e\000a\000t\000u\000r\000e\000\040\000E\000x\000t\000r\000a\000c\000t\000i\000o\000n\000\040\000W\000o\000r\000k\000f\000l\000o\000w}{}% 19
\BOOKMARK [1][-]{section.12}{\376\377\000P\000r\000i\000t\000h\000v\000i\000\040\000W\000o\000r\000k\000f\000l\000o\000w}{}% 20
\BOOKMARK [2][-]{subsection.12.1}{\376\377\000P\000u\000r\000p\000o\000s\000e}{section.12}% 21
\BOOKMARK [2][-]{subsection.12.2}{\376\377\000I\000n\000p\000u\000t}{section.12}% 22
\BOOKMARK [2][-]{subsection.12.3}{\376\377\000P\000r\000e\000p\000r\000o\000c\000e\000s\000s\000i\000n\000g}{section.12}% 23
\BOOKMARK [2][-]{subsection.12.4}{\376\377\000I\000n\000f\000e\000r\000e\000n\000c\000e}{section.12}% 24
\BOOKMARK [1][-]{section.13}{\376\377\000E\000m\000b\000e\000d\000d\000i\000n\000g\000\040\000G\000e\000n\000e\000r\000a\000t\000i\000o\000n\000\040\000J\000o\000b}{}% 25
\BOOKMARK [1][-]{section.14}{\376\377\000p\000g\000v\000e\000c\000t\000o\000r\000\040\000S\000c\000h\000e\000m\000a}{}% 26
\BOOKMARK [1][-]{section.15}{\376\377\000S\000i\000m\000i\000l\000a\000r\000i\000t\000y\000\040\000S\000e\000a\000r\000c\000h\000\040\000S\000e\000r\000v\000i\000c\000e}{}% 27
\BOOKMARK [1][-]{section.16}{\376\377\000F\000o\000r\000e\000c\000a\000s\000t\000i\000n\000g\000\040\000E\000n\000g\000i\000n\000e}{}% 28
\BOOKMARK [2][-]{subsection.16.1}{\376\377\000A\000p\000p\000r\000o\000a\000c\000h}{section.16}% 29
\BOOKMARK [2][-]{subsection.16.2}{\376\377\000W\000o\000r\000k\000f\000l\000o\000w}{section.16}% 30
\BOOKMARK [2][-]{subsection.16.3}{\376\377\000F\000o\000r\000e\000c\000a\000s\000t\000\040\000M\000e\000t\000r\000i\000c\000s}{section.16}% 31
\BOOKMARK [1][-]{section.17}{\376\377\000B\000a\000c\000k\000g\000r\000o\000u\000n\000d\000\040\000J\000o\000b\000s}{}% 32
\BOOKMARK [1][-]{section.18}{\376\377\000A\000P\000I\000\040\000V\000e\000r\000s\000i\000o\000n\000i\000n\000g}{}% 33
\BOOKMARK [1][-]{section.19}{\376\377\000E\000n\000v\000i\000r\000o\000n\000m\000e\000n\000t\000\040\000V\000a\000r\000i\000a\000b\000l\000e\000s}{}% 34
\BOOKMARK [1][-]{section.20}{\376\377\000D\000o\000c\000k\000e\000r\000\040\000A\000r\000c\000h\000i\000t\000e\000c\000t\000u\000r\000e}{}% 35
\BOOKMARK [1][-]{section.21}{\376\377\000D\000o\000c\000k\000e\000r\000\040\000C\000o\000m\000p\000o\000s\000e\000\040\000L\000a\000y\000o\000u\000t}{}% 36
\BOOKMARK [1][-]{section.22}{\376\377\000N\000g\000i\000n\000x\000\040\000C\000o\000n\000f\000i\000g\000u\000r\000a\000t\000i\000o\000n}{}% 37
\BOOKMARK [1][-]{section.23}{\376\377\000C\000I\000/\000C\000D\000\040\000P\000i\000p\000e\000l\000i\000n\000e}{}% 38
\BOOKMARK [1][-]{section.24}{\376\377\000T\000e\000s\000t\000i\000n\000g\000\040\000S\000t\000r\000a\000t\000e\000g\000y}{}% 39
\BOOKMARK [2][-]{subsection.24.1}{\376\377\000B\000a\000c\000k\000e\000n\000d}{section.24}% 40
\BOOKMARK [2][-]{subsection.24.2}{\376\377\000F\000r\000o\000n\000t\000e\000n\000d}{section.24}% 41
\BOOKMARK [1][-]{section.25}{\376\377\000L\000o\000g\000g\000i\000n\000g\000\040\000S\000t\000r\000a\000t\000e\000g\000y}{}% 42
\BOOKMARK [1][-]{section.26}{\376\377\000M\000o\000n\000i\000t\000o\000r\000i\000n\000g}{}% 43
\BOOKMARK [1][-]{section.27}{\376\377\000P\000r\000o\000d\000u\000c\000t\000i\000o\000n\000\040\000I\000n\000f\000r\000a\000s\000t\000r\000u\000c\000t\000u\000r\000e}{}% 44
\BOOKMARK [1][-]{section.28}{\376\377\000R\000e\000l\000e\000a\000s\000e\000\040\000R\000o\000a\000d\000m\000a\000p}{}% 45
\BOOKMARK [1][-]{section.29}{\376\377\000D\000e\000f\000i\000n\000i\000t\000i\000o\000n\000\040\000o\000f\000\040\000D\000o\000n\000e}{}% 46
\BOOKMARK [1][-]{section.30}{\376\377\000C\000o\000n\000c\000l\000u\000s\000i\000o\000n}{}% 47
