\BOOKMARK [1][-]{section.1}{\376\377\000D\000o\000c\000u\000m\000e\000n\000t\000\040\000I\000n\000f\000o\000r\000m\000a\000t\000i\000o\000n}{}% 1
\BOOKMARK [1][-]{section.2}{\376\377\000E\000x\000e\000c\000u\000t\000i\000v\000e\000\040\000S\000u\000m\000m\000a\000r\000y}{}% 2
\BOOKMARK [1][-]{section.3}{\376\377\000P\000r\000o\000b\000l\000e\000m\000\040\000S\000t\000a\000t\000e\000m\000e\000n\000t}{}% 3
\BOOKMARK [1][-]{section.4}{\376\377\000V\000i\000s\000i\000o\000n}{}% 4
\BOOKMARK [1][-]{section.5}{\376\377\000G\000o\000a\000l\000s}{}% 5
\BOOKMARK [2][-]{subsection.5.1}{\376\377\000B\000u\000s\000i\000n\000e\000s\000s\000\040\000G\000o\000a\000l\000s}{section.5}% 6
\BOOKMARK [2][-]{subsection.5.2}{\376\377\000P\000r\000o\000d\000u\000c\000t\000\040\000G\000o\000a\000l\000s}{section.5}% 7
\BOOKMARK [1][-]{section.6}{\376\377\000T\000a\000r\000g\000e\000t\000\040\000U\000s\000e\000r\000s}{}% 8
\BOOKMARK [2][-]{subsection.6.1}{\376\377\000P\000r\000i\000m\000a\000r\000y\000\040\000U\000s\000e\000r\000s}{section.6}% 9
\BOOKMARK [2][-]{subsection.6.2}{\376\377\000S\000e\000c\000o\000n\000d\000a\000r\000y\000\040\000U\000s\000e\000r\000s}{section.6}% 10
\BOOKMARK [1][-]{section.7}{\376\377\000U\000s\000e\000r\000\040\000P\000e\000r\000s\000o\000n\000a\000s}{}% 11
\BOOKMARK [2][-]{subsection.7.1}{\376\377\000P\000e\000r\000s\000o\000n\000a\000\040\0001\000:\000\040\000E\000n\000v\000i\000r\000o\000n\000m\000e\000n\000t\000a\000l\000\040\000R\000e\000s\000e\000a\000r\000c\000h\000e\000r}{section.7}% 12
\BOOKMARK [2][-]{subsection.7.2}{\376\377\000P\000e\000r\000s\000o\000n\000a\000\040\0002\000:\000\040\000C\000o\000n\000s\000e\000r\000v\000a\000t\000i\000o\000n\000\040\000P\000l\000a\000n\000n\000e\000r}{section.7}% 13
\BOOKMARK [1][-]{section.8}{\376\377\000P\000r\000o\000d\000u\000c\000t\000\040\000S\000c\000o\000p\000e}{}% 14
\BOOKMARK [2][-]{subsection.8.1}{\376\377\000I\000n\000\040\000S\000c\000o\000p\000e}{section.8}% 15
\BOOKMARK [2][-]{subsection.8.2}{\376\377\000O\000u\000t\000\040\000o\000f\000\040\000S\000c\000o\000p\000e}{section.8}% 16
\BOOKMARK [1][-]{section.9}{\376\377\000U\000s\000e\000r\000\040\000J\000o\000u\000r\000n\000e\000y}{}% 17
\BOOKMARK [1][-]{section.10}{\376\377\000U\000s\000e\000r\000\040\000S\000t\000o\000r\000i\000e\000s}{}% 18
\BOOKMARK [2][-]{subsection.10.1}{\376\377\000L\000o\000c\000a\000t\000i\000o\000n\000\040\000S\000e\000l\000e\000c\000t\000i\000o\000n}{section.10}% 19
\BOOKMARK [2][-]{subsection.10.2}{\376\377\000E\000c\000o\000s\000y\000s\000t\000e\000m\000\040\000I\000d\000e\000n\000t\000i\000f\000i\000c\000a\000t\000i\000o\000n}{section.10}% 20
\BOOKMARK [2][-]{subsection.10.3}{\376\377\000S\000i\000m\000i\000l\000a\000r\000i\000t\000y\000\040\000S\000e\000a\000r\000c\000h}{section.10}% 21
\BOOKMARK [2][-]{subsection.10.4}{\376\377\000H\000i\000s\000t\000o\000r\000i\000c\000a\000l\000\040\000A\000n\000a\000l\000y\000s\000i\000s}{section.10}% 22
\BOOKMARK [2][-]{subsection.10.5}{\376\377\000F\000o\000r\000e\000c\000a\000s\000t\000i\000n\000g}{section.10}% 23
\BOOKMARK [2][-]{subsection.10.6}{\376\377\000R\000e\000p\000o\000r\000t\000\040\000G\000e\000n\000e\000r\000a\000t\000i\000o\000n}{section.10}% 24
\BOOKMARK [1][-]{section.11}{\376\377\000F\000u\000n\000c\000t\000i\000o\000n\000a\000l\000\040\000R\000e\000q\000u\000i\000r\000e\000m\000e\000n\000t\000s}{}% 25
\BOOKMARK [2][-]{subsection.11.1}{\376\377\000F\000R\000-\0000\0000\0001}{section.11}% 26
\BOOKMARK [2][-]{subsection.11.2}{\376\377\000F\000R\000-\0000\0000\0002}{section.11}% 27
\BOOKMARK [2][-]{subsection.11.3}{\376\377\000F\000R\000-\0000\0000\0003}{section.11}% 28
\BOOKMARK [2][-]{subsection.11.4}{\376\377\000F\000R\000-\0000\0000\0004}{section.11}% 29
\BOOKMARK [2][-]{subsection.11.5}{\376\377\000F\000R\000-\0000\0000\0005}{section.11}% 30
\BOOKMARK [2][-]{subsection.11.6}{\376\377\000F\000R\000-\0000\0000\0006}{section.11}% 31
\BOOKMARK [2][-]{subsection.11.7}{\376\377\000F\000R\000-\0000\0000\0007}{section.11}% 32
\BOOKMARK [2][-]{subsection.11.8}{\376\377\000F\000R\000-\0000\0000\0008}{section.11}% 33
\BOOKMARK [2][-]{subsection.11.9}{\376\377\000F\000R\000-\0000\0000\0009}{section.11}% 34
\BOOKMARK [2][-]{subsection.11.10}{\376\377\000F\000R\000-\0000\0001\0000}{section.11}% 35
\BOOKMARK [1][-]{section.12}{\376\377\000N\000o\000n\000-\000F\000u\000n\000c\000t\000i\000o\000n\000a\000l\000\040\000R\000e\000q\000u\000i\000r\000e\000m\000e\000n\000t\000s}{}% 36
\BOOKMARK [2][-]{subsection.12.1}{\376\377\000P\000e\000r\000f\000o\000r\000m\000a\000n\000c\000e}{section.12}% 37
\BOOKMARK [2][-]{subsection.12.2}{\376\377\000S\000c\000a\000l\000a\000b\000i\000l\000i\000t\000y}{section.12}% 38
\BOOKMARK [2][-]{subsection.12.3}{\376\377\000U\000s\000a\000b\000i\000l\000i\000t\000y}{section.12}% 39
\BOOKMARK [1][-]{section.13}{\376\377\000S\000u\000c\000c\000e\000s\000s\000\040\000M\000e\000t\000r\000i\000c\000s}{}% 40
\BOOKMARK [2][-]{subsection.13.1}{\376\377\000P\000r\000o\000d\000u\000c\000t\000\040\000M\000e\000t\000r\000i\000c\000s}{section.13}% 41
\BOOKMARK [2][-]{subsection.13.2}{\376\377\000P\000e\000r\000f\000o\000r\000m\000a\000n\000c\000e\000\040\000M\000e\000t\000r\000i\000c\000s}{section.13}% 42
\BOOKMARK [2][-]{subsection.13.3}{\376\377\000U\000s\000e\000r\000\040\000E\000x\000p\000e\000r\000i\000e\000n\000c\000e\000\040\000M\000e\000t\000r\000i\000c\000s}{section.13}% 43
\BOOKMARK [1][-]{section.14}{\376\377\000R\000i\000s\000k\000s}{}% 44
\BOOKMARK [1][-]{section.15}{\376\377\000R\000e\000l\000e\000a\000s\000e\000\040\000P\000l\000a\000n}{}% 45
\BOOKMARK [2][-]{subsection.15.1}{\376\377\000P\000h\000a\000s\000e\000\040\0001}{section.15}% 46
\BOOKMARK [2][-]{subsection.15.2}{\376\377\000P\000h\000a\000s\000e\000\040\0002}{section.15}% 47
\BOOKMARK [2][-]{subsection.15.3}{\376\377\000P\000h\000a\000s\000e\000\040\0003}{section.15}% 48
\BOOKMARK [1][-]{section.16}{\376\377\000C\000o\000n\000c\000l\000u\000s\000i\000o\000n}{}% 49
