\BOOKMARK [1][-]{section.1}{\376\377\000I\000n\000t\000r\000o\000d\000u\000c\000t\000i\000o\000n}{}% 1
\BOOKMARK [1][-]{section.2}{\376\377\000A\000r\000c\000h\000i\000t\000e\000c\000t\000u\000r\000e\000\040\000O\000v\000e\000r\000v\000i\000e\000w}{}% 2
\BOOKMARK [2][-]{subsection.2.1}{\376\377\000H\000i\000g\000h\000-\000L\000e\000v\000e\000l\000\040\000A\000r\000c\000h\000i\000t\000e\000c\000t\000u\000r\000e}{section.2}% 3
\BOOKMARK [1][-]{section.3}{\376\377\000T\000e\000c\000h\000n\000o\000l\000o\000g\000y\000\040\000S\000t\000a\000c\000k}{}% 4
\BOOKMARK [2][-]{subsection.3.1}{\376\377\000F\000r\000o\000n\000t\000e\000n\000d}{section.3}% 5
\BOOKMARK [2][-]{subsection.3.2}{\376\377\000B\000a\000c\000k\000e\000n\000d}{section.3}% 6
\BOOKMARK [2][-]{subsection.3.3}{\376\377\000D\000a\000t\000a\000b\000a\000s\000e}{section.3}% 7
\BOOKMARK [2][-]{subsection.3.4}{\376\377\000M\000L\000\040\000L\000a\000y\000e\000r}{section.3}% 8
\BOOKMARK [2][-]{subsection.3.5}{\376\377\000R\000e\000m\000o\000t\000e\000\040\000S\000e\000n\000s\000i\000n\000g}{section.3}% 9
\BOOKMARK [1][-]{section.4}{\376\377\000R\000e\000g\000i\000o\000n\000\040\000A\000r\000c\000h\000i\000t\000e\000c\000t\000u\000r\000e}{}% 10
\BOOKMARK [2][-]{subsection.4.1}{\376\377\000R\000e\000g\000i\000o\000n\000\040\000D\000e\000f\000i\000n\000i\000t\000i\000o\000n}{section.4}% 11
\BOOKMARK [2][-]{subsection.4.2}{\376\377\000R\000e\000a\000s\000o\000n\000i\000n\000g}{section.4}% 12
\BOOKMARK [2][-]{subsection.4.3}{\376\377\000R\000e\000g\000i\000o\000n\000\040\000S\000t\000r\000u\000c\000t\000u\000r\000e}{section.4}% 13
\BOOKMARK [1][-]{section.5}{\376\377\000D\000a\000t\000a\000\040\000P\000i\000p\000e\000l\000i\000n\000e}{}% 14
\BOOKMARK [2][-]{subsection.5.1}{\376\377\000S\000t\000e\000p\000\040\0001\000:\000\040\000G\000e\000n\000e\000r\000a\000t\000e\000\040\000G\000r\000i\000d}{section.5}% 15
\BOOKMARK [2][-]{subsection.5.2}{\376\377\000S\000t\000e\000p\000\040\0002\000:\000\040\000S\000e\000n\000t\000i\000n\000e\000l\000\040\000R\000e\000t\000r\000i\000e\000v\000a\000l}{section.5}% 16
\BOOKMARK [2][-]{subsection.5.3}{\376\377\000S\000t\000e\000p\000\040\0003\000:\000\040\000C\000l\000o\000u\000d\000\040\000M\000a\000s\000k\000i\000n\000g}{section.5}% 17
\BOOKMARK [2][-]{subsection.5.4}{\376\377\000S\000t\000e\000p\000\040\0004\000:\000\040\000C\000o\000m\000p\000o\000s\000i\000t\000e\000\040\000G\000e\000n\000e\000r\000a\000t\000i\000o\000n}{section.5}% 18
\BOOKMARK [1][-]{section.6}{\376\377\000F\000e\000a\000t\000u\000r\000e\000\040\000E\000x\000t\000r\000a\000c\000t\000i\000o\000n}{}% 19
\BOOKMARK [2][-]{subsection.6.1}{\376\377\000E\000n\000v\000i\000r\000o\000n\000m\000e\000n\000t\000a\000l\000\040\000I\000n\000d\000i\000c\000a\000t\000o\000r\000s}{section.6}% 20
\BOOKMARK [3][-]{subsubsection.6.1.1}{\376\377\000N\000D\000V\000I}{subsection.6.1}% 21
\BOOKMARK [3][-]{subsubsection.6.1.2}{\376\377\000N\000D\000W\000I}{subsection.6.1}% 22
\BOOKMARK [3][-]{subsubsection.6.1.3}{\376\377\000N\000B\000R}{subsection.6.1}% 23
\BOOKMARK [2][-]{subsection.6.2}{\376\377\000S\000t\000o\000r\000e\000d\000\040\000S\000t\000a\000t\000i\000s\000t\000i\000c\000s}{section.6}% 24
\BOOKMARK [1][-]{section.7}{\376\377\000E\000m\000b\000e\000d\000d\000i\000n\000g\000\040\000P\000i\000p\000e\000l\000i\000n\000e}{}% 25
\BOOKMARK [2][-]{subsection.7.1}{\376\377\000I\000n\000p\000u\000t}{section.7}% 26
\BOOKMARK [2][-]{subsection.7.2}{\376\377\000M\000o\000d\000e\000l}{section.7}% 27
\BOOKMARK [2][-]{subsection.7.3}{\376\377\000O\000u\000t\000p\000u\000t}{section.7}% 28
\BOOKMARK [2][-]{subsection.7.4}{\376\377\000S\000t\000o\000r\000a\000g\000e}{section.7}% 29
\BOOKMARK [1][-]{section.8}{\376\377\000D\000a\000t\000a\000b\000a\000s\000e\000\040\000D\000e\000s\000i\000g\000n}{}% 30
\BOOKMARK [2][-]{subsection.8.1}{\376\377\000r\000e\000g\000i\000o\000n\000s}{section.8}% 31
\BOOKMARK [2][-]{subsection.8.2}{\376\377\000r\000e\000g\000i\000o\000n\000f\000e\000a\000t\000u\000r\000e\000s}{section.8}% 32
\BOOKMARK [2][-]{subsection.8.3}{\376\377\000r\000e\000g\000i\000o\000n\000e\000m\000b\000e\000d\000d\000i\000n\000g\000s}{section.8}% 33
\BOOKMARK [2][-]{subsection.8.4}{\376\377\000t\000e\000m\000p\000o\000r\000a\000l\000p\000r\000o\000f\000i\000l\000e\000s}{section.8}% 34
\BOOKMARK [2][-]{subsection.8.5}{\376\377\000r\000e\000p\000o\000r\000t\000s}{section.8}% 35
\BOOKMARK [1][-]{section.9}{\376\377\000V\000e\000c\000t\000o\000r\000\040\000S\000e\000a\000r\000c\000h\000\040\000D\000e\000s\000i\000g\000n}{}% 36
\BOOKMARK [2][-]{subsection.9.1}{\376\377\000S\000e\000a\000r\000c\000h\000\040\000W\000o\000r\000k\000f\000l\000o\000w}{section.9}% 37
\BOOKMARK [2][-]{subsection.9.2}{\376\377\000S\000i\000m\000i\000l\000a\000r\000i\000t\000y\000\040\000M\000e\000t\000r\000i\000c}{section.9}% 38
\BOOKMARK [2][-]{subsection.9.3}{\376\377\000D\000e\000f\000a\000u\000l\000t}{section.9}% 39
\BOOKMARK [1][-]{section.10}{\376\377\000F\000o\000r\000e\000c\000a\000s\000t\000i\000n\000g\000\040\000E\000n\000g\000i\000n\000e}{}% 40
\BOOKMARK [2][-]{subsection.10.1}{\376\377\000F\000o\000r\000e\000c\000a\000s\000t\000i\000n\000g\000\040\000P\000h\000i\000l\000o\000s\000o\000p\000h\000y}{section.10}% 41
\BOOKMARK [2][-]{subsection.10.2}{\376\377\000W\000o\000r\000k\000f\000l\000o\000w}{section.10}% 42
\BOOKMARK [2][-]{subsection.10.3}{\376\377\000F\000o\000r\000e\000c\000a\000s\000t\000\040\000I\000n\000p\000u\000t\000s}{section.10}% 43
\BOOKMARK [2][-]{subsection.10.4}{\376\377\000F\000o\000r\000e\000c\000a\000s\000t\000\040\000O\000u\000t\000p\000u\000t\000s}{section.10}% 44
\BOOKMARK [1][-]{section.11}{\376\377\000A\000P\000I\000\040\000A\000r\000c\000h\000i\000t\000e\000c\000t\000u\000r\000e}{}% 45
\BOOKMARK [2][-]{subsection.11.1}{\376\377\000R\000e\000g\000i\000o\000n\000\040\000A\000P\000I\000s}{section.11}% 46
\BOOKMARK [3][-]{subsubsection.11.1.1}{\376\377\000G\000e\000t\000\040\000R\000e\000g\000i\000o\000n}{subsection.11.1}% 47
\BOOKMARK [3][-]{subsubsection.11.1.2}{\376\377\000F\000i\000n\000d\000\040\000R\000e\000g\000i\000o\000n}{subsection.11.1}% 48
\BOOKMARK [2][-]{subsection.11.2}{\376\377\000S\000i\000m\000i\000l\000a\000r\000i\000t\000y\000\040\000A\000P\000I\000s}{section.11}% 49
\BOOKMARK [3][-]{subsubsection.11.2.1}{\376\377\000S\000e\000a\000r\000c\000h\000\040\000A\000n\000a\000l\000o\000g\000s}{subsection.11.2}% 50
\BOOKMARK [2][-]{subsection.11.3}{\376\377\000T\000e\000m\000p\000o\000r\000a\000l\000\040\000A\000P\000I\000s}{section.11}% 51
\BOOKMARK [3][-]{subsubsection.11.3.1}{\376\377\000T\000e\000m\000p\000o\000r\000a\000l\000\040\000P\000r\000o\000f\000i\000l\000e}{subsection.11.3}% 52
\BOOKMARK [2][-]{subsection.11.4}{\376\377\000F\000o\000r\000e\000c\000a\000s\000t\000\040\000A\000P\000I\000s}{section.11}% 53
\BOOKMARK [3][-]{subsubsection.11.4.1}{\376\377\000F\000o\000r\000e\000c\000a\000s\000t}{subsection.11.4}% 54
\BOOKMARK [2][-]{subsection.11.5}{\376\377\000R\000e\000p\000o\000r\000t\000\040\000A\000P\000I\000s}{section.11}% 55
\BOOKMARK [3][-]{subsubsection.11.5.1}{\376\377\000G\000e\000n\000e\000r\000a\000t\000e\000\040\000R\000e\000p\000o\000r\000t}{subsection.11.5}% 56
\BOOKMARK [1][-]{section.12}{\376\377\000F\000r\000o\000n\000t\000e\000n\000d\000\040\000D\000e\000s\000i\000g\000n}{}% 57
\BOOKMARK [2][-]{subsection.12.1}{\376\377\000M\000a\000p\000\040\000P\000a\000g\000e}{section.12}% 58
\BOOKMARK [2][-]{subsection.12.2}{\376\377\000R\000e\000g\000i\000o\000n\000\040\000P\000a\000n\000e\000l}{section.12}% 59
\BOOKMARK [2][-]{subsection.12.3}{\376\377\000A\000n\000a\000l\000o\000g\000\040\000P\000a\000n\000e\000l}{section.12}% 60
\BOOKMARK [2][-]{subsection.12.4}{\376\377\000F\000o\000r\000e\000c\000a\000s\000t\000\040\000P\000a\000n\000e\000l}{section.12}% 61
\BOOKMARK [1][-]{section.13}{\376\377\000C\000a\000c\000h\000i\000n\000g\000\040\000S\000t\000r\000a\000t\000e\000g\000y}{}% 62
\BOOKMARK [2][-]{subsection.13.1}{\376\377\000R\000e\000d\000i\000s}{section.13}% 63
\BOOKMARK [1][-]{section.14}{\376\377\000S\000e\000c\000u\000r\000i\000t\000y}{}% 64
\BOOKMARK [2][-]{subsection.14.1}{\376\377\000A\000u\000t\000h\000e\000n\000t\000i\000c\000a\000t\000i\000o\000n}{section.14}% 65
\BOOKMARK [2][-]{subsection.14.2}{\376\377\000A\000u\000t\000h\000o\000r\000i\000z\000a\000t\000i\000o\000n}{section.14}% 66
\BOOKMARK [2][-]{subsection.14.3}{\376\377\000R\000a\000t\000e\000\040\000L\000i\000m\000i\000t\000i\000n\000g}{section.14}% 67
\BOOKMARK [1][-]{section.15}{\376\377\000D\000e\000p\000l\000o\000y\000m\000e\000n\000t\000\040\000A\000r\000c\000h\000i\000t\000e\000c\000t\000u\000r\000e}{}% 68
\BOOKMARK [2][-]{subsection.15.1}{\376\377\000C\000o\000n\000t\000a\000i\000n\000e\000r\000s}{section.15}% 69
\BOOKMARK [2][-]{subsection.15.2}{\376\377\000D\000o\000c\000k\000e\000r\000\040\000C\000o\000m\000p\000o\000s\000e}{section.15}% 70
\BOOKMARK [1][-]{section.16}{\376\377\000C\000l\000o\000u\000d\000\040\000D\000e\000p\000l\000o\000y\000m\000e\000n\000t}{}% 71
\BOOKMARK [2][-]{subsection.16.1}{\376\377\000I\000n\000f\000r\000a\000s\000t\000r\000u\000c\000t\000u\000r\000e}{section.16}% 72
\BOOKMARK [2][-]{subsection.16.2}{\376\377\000P\000r\000o\000d\000u\000c\000t\000i\000o\000n\000\040\000S\000t\000a\000c\000k}{section.16}% 73
\BOOKMARK [1][-]{section.17}{\376\377\000M\000o\000n\000i\000t\000o\000r\000i\000n\000g}{}% 74
\BOOKMARK [1][-]{section.18}{\376\377\000P\000e\000r\000f\000o\000r\000m\000a\000n\000c\000e\000\040\000T\000a\000r\000g\000e\000t\000s}{}% 75
\BOOKMARK [1][-]{section.19}{\376\377\000F\000u\000t\000u\000r\000e\000\040\000E\000n\000h\000a\000n\000c\000e\000m\000e\000n\000t\000s}{}% 76
